// Jest Snapshot v1, https://goo.gl/fbAQLP

exports[`<Guesses /> Component renders and matches our snapshot 1`] = `
<div
  className="container row"
  id="my-guesses-panel"
  style={undefined}
>
  <label
    className="label"
    disabled={false}
    hidden={false}
    htmlFor="guessing"
    style={
      Object {
        "alignSelf": "flex-end",
        "flex": "100%",
        "visibility": "visible",
      }
    }
  />
  <input
    className="input"
    disabled={false}
    id="guessing"
    name="guessing"
    onBlur={[Function]}
    onChange={[Function]}
    style={
      Object {
        "flex": "1 0 auto",
      }
    }
    type="text"
    value="guess being typed and sent via handleInput"
  />
  <button
    className="button"
    disabled={false}
    name="guessed"
    onClick={[Function]}
    style={null}
    type="button"
    value="guess being typed and sent via handleInput"
  >
    guessed
  </button>
</div>
`;
