// Jest Snapshot v1, https://goo.gl/fbAQLP

exports[`<Guesses /> Component renders and matches our snapshot 1`] = `
<div
  className="field"
  id="guesses-field"
>
  <div
    className="field-content zen-box zen-flex-row"
  >
    <input
      autoFocus={true}
      className="input"
      disabled={false}
      id="guesses-input"
      name="guessing"
      onBlur={[Function]}
      onChange={[Function]}
      style={
        Object {
          "flex": "auto",
        }
      }
      type="text"
      value=""
    />
    <label
      className="label"
      disabled={false}
      hidden={false}
      htmlFor="guesses-input"
      style={
        Object {
          "alignSelf": "",
          "flex": "1 1 100%",
          "visibility": "visible",
        }
      }
    >
      Make a guess
    </label>
  </div>
</div>
`;
