// Jest Snapshot v1, https://goo.gl/fbAQLP

exports[`<Input /> Component renders and matches our snapshot 1`] = `
<input
  autoFocus={undefined}
  className="input"
  disabled={false}
  id="myTextInput"
  name="myTextInput"
  onBlur={[Function]}
  onChange={[Function]}
  style={
    Object {
      "flex": undefined,
    }
  }
  type="text"
  value="My text input value"
/>
`;
