// Jest Snapshot v1, https://goo.gl/fbAQLP

exports[`<Hangman /> Component renders and matches our snapshot 1`] = `
<div
  className="layout"
  id="hangman"
>
  <div
    className="container row"
    id="hangman-main"
    style={undefined}
  >
    <div
      className="panel"
      id="guesses"
    >
      <div
        className="panel-content"
      >
        <label
          className="label"
          disabled={false}
          hidden={false}
          htmlFor={undefined}
          style={
            Object {
              "alignSelf": "",
              "flex": undefined,
              "visibility": "visible",
            }
          }
        >
          My test word
        </label>
        <input
          className="input"
          disabled={false}
          id="guessing"
          name="guessing"
          onBlur={[Function]}
          onChange={[Function]}
          style={
            Object {
              "flex": undefined,
            }
          }
          type="text"
          value=""
        />
        <button
          className="button"
          disabled={false}
          name="guessed"
          onClick={[Function]}
          style={null}
          type="button"
          value=""
        >
          makes a guess
        </button>
      </div>
    </div>
  </div>
</div>
`;
