// Jest Snapshot v1, https://goo.gl/fbAQLP

exports[`<Hangman /> Component renders and matches our snapshot 1`] = `
<div
  className="panel"
  id="hangman"
>
  <div
    className="panel-content"
  >
    <button
      className="button"
      disabled={false}
      name="My test word"
      onClick={[Function]}
      style={null}
      type="button"
    >
      My test word
    </button>
  </div>
</div>
`;
