// Jest Snapshot v1, https://goo.gl/fbAQLP

exports[`<Hangman /> Component renders and matches our snapshot 1`] = `
<div
  className="layout"
  id="hangman"
>
  <div
    className="container row"
    id={null}
    style={
      Object {
        "flex": "12",
      }
    }
  >
    <div
      className="panel"
      id="mystery-panel"
    >
      <div
        className="panel-content"
      >
        <div
          className="container row"
          id="mystery-content"
          style={undefined}
        >
          <label
            className="label mystery-letter"
            disabled={false}
            hidden={false}
            htmlFor={undefined}
            style={
              Object {
                "alignSelf": "",
                "flex": undefined,
                "visibility": "visible",
              }
            }
          >
            
          </label>
          <label
            className="label mystery-letter"
            disabled={false}
            hidden={false}
            htmlFor={undefined}
            style={
              Object {
                "alignSelf": "",
                "flex": undefined,
                "visibility": "visible",
              }
            }
          >
            
          </label>
          <label
            className="label mystery-letter"
            disabled={false}
            hidden={false}
            htmlFor={undefined}
            style={
              Object {
                "alignSelf": "",
                "flex": undefined,
                "visibility": "visible",
              }
            }
          >
            
          </label>
          <label
            className="label mystery-letter"
            disabled={false}
            hidden={false}
            htmlFor={undefined}
            style={
              Object {
                "alignSelf": "",
                "flex": undefined,
                "visibility": "visible",
              }
            }
          >
            
          </label>
          <label
            className="label mystery-letter"
            disabled={false}
            hidden={false}
            htmlFor={undefined}
            style={
              Object {
                "alignSelf": "",
                "flex": undefined,
                "visibility": "visible",
              }
            }
          >
            
          </label>
          <label
            className="label mystery-spacer"
            disabled={false}
            hidden={false}
            htmlFor={undefined}
            style={
              Object {
                "alignSelf": "",
                "flex": undefined,
                "visibility": "visible",
              }
            }
          >
            
          </label>
          <label
            className="label mystery-letter"
            disabled={false}
            hidden={false}
            htmlFor={undefined}
            style={
              Object {
                "alignSelf": "",
                "flex": undefined,
                "visibility": "visible",
              }
            }
          >
            
          </label>
          <label
            className="label mystery-letter"
            disabled={false}
            hidden={false}
            htmlFor={undefined}
            style={
              Object {
                "alignSelf": "",
                "flex": undefined,
                "visibility": "visible",
              }
            }
          >
            
          </label>
          <label
            className="label mystery-letter"
            disabled={false}
            hidden={false}
            htmlFor={undefined}
            style={
              Object {
                "alignSelf": "",
                "flex": undefined,
                "visibility": "visible",
              }
            }
          >
            
          </label>
          <label
            className="label mystery-letter"
            disabled={false}
            hidden={false}
            htmlFor={undefined}
            style={
              Object {
                "alignSelf": "",
                "flex": undefined,
                "visibility": "visible",
              }
            }
          >
            
          </label>
          <label
            className="label mystery-letter"
            disabled={false}
            hidden={false}
            htmlFor={undefined}
            style={
              Object {
                "alignSelf": "",
                "flex": undefined,
                "visibility": "visible",
              }
            }
          >
            
          </label>
          <label
            className="label mystery-letter"
            disabled={false}
            hidden={false}
            htmlFor={undefined}
            style={
              Object {
                "alignSelf": "",
                "flex": undefined,
                "visibility": "visible",
              }
            }
          >
            
          </label>
          <label
            className="label mystery-letter"
            disabled={false}
            hidden={false}
            htmlFor={undefined}
            style={
              Object {
                "alignSelf": "",
                "flex": undefined,
                "visibility": "visible",
              }
            }
          >
            
          </label>
        </div>
      </div>
    </div>
    <div
      className="panel"
      id="keyboard-panel"
    >
      <div
        className="panel-content"
      >
        <div
          className="container row"
          id="keyboard-content"
          style={undefined}
        >
          <label
            className="label"
            disabled={false}
            hidden={false}
            htmlFor={undefined}
            style={
              Object {
                "alignSelf": "",
                "flex": "100%",
                "visibility": "visible",
              }
            }
          >
            Choose a letter
          </label>
          <button
            className="button"
            disabled={false}
            id="a"
            name="a"
            onClick={[Function]}
            style={null}
            type="button"
            value=""
          >
            a
          </button>
          <button
            className="button"
            disabled={false}
            id="b"
            name="b"
            onClick={[Function]}
            style={null}
            type="button"
            value=""
          >
            b
          </button>
          <button
            className="button"
            disabled={false}
            id="c"
            name="c"
            onClick={[Function]}
            style={null}
            type="button"
            value=""
          >
            c
          </button>
          <button
            className="button"
            disabled={false}
            id="d"
            name="d"
            onClick={[Function]}
            style={null}
            type="button"
            value=""
          >
            d
          </button>
          <button
            className="button"
            disabled={false}
            id="e"
            name="e"
            onClick={[Function]}
            style={null}
            type="button"
            value=""
          >
            e
          </button>
          <button
            className="button"
            disabled={false}
            id="f"
            name="f"
            onClick={[Function]}
            style={null}
            type="button"
            value=""
          >
            f
          </button>
          <button
            className="button"
            disabled={false}
            id="g"
            name="g"
            onClick={[Function]}
            style={null}
            type="button"
            value=""
          >
            g
          </button>
          <button
            className="button"
            disabled={false}
            id="h"
            name="h"
            onClick={[Function]}
            style={null}
            type="button"
            value=""
          >
            h
          </button>
          <button
            className="button"
            disabled={false}
            id="i"
            name="i"
            onClick={[Function]}
            style={null}
            type="button"
            value=""
          >
            i
          </button>
          <button
            className="button"
            disabled={false}
            id="j"
            name="j"
            onClick={[Function]}
            style={null}
            type="button"
            value=""
          >
            j
          </button>
          <button
            className="button"
            disabled={false}
            id="k"
            name="k"
            onClick={[Function]}
            style={null}
            type="button"
            value=""
          >
            k
          </button>
          <button
            className="button"
            disabled={false}
            id="l"
            name="l"
            onClick={[Function]}
            style={null}
            type="button"
            value=""
          >
            l
          </button>
          <button
            className="button"
            disabled={false}
            id="m"
            name="m"
            onClick={[Function]}
            style={null}
            type="button"
            value=""
          >
            m
          </button>
        </div>
      </div>
    </div>
  </div>
  <div
    className="container row"
    id={null}
    style={
      Object {
        "flex": "none",
      }
    }
  >
    <div
      className="panel"
      id="footer-panel"
    >
      <div
        className="panel-content"
      >
        <div
          className="container row"
          id="footer-content"
          style={undefined}
        >
          <label
            className="label"
            disabled={false}
            hidden={false}
            htmlFor={undefined}
            style={
              Object {
                "alignSelf": "",
                "flex": undefined,
                "visibility": "visible",
              }
            }
          />
          <button
            className="button"
            disabled={false}
            id="restart"
            name="restart"
            onClick={[Function]}
            style={null}
            type="button"
            value=""
          >
            restart
          </button>
        </div>
      </div>
    </div>
  </div>
</div>
`;
